/Users/misthimaheshwari/Desktop/restaurant /src/main/java/com/restaurant/repository/OrderRepository.java
/Users/misthimaheshwari/Desktop/restaurant /src/main/java/com/restaurant/service/MenuService.java
/Users/misthimaheshwari/Desktop/restaurant /src/main/java/com/restaurant/controller/AuthController.java
/Users/misthimaheshwari/Desktop/restaurant /src/main/java/com/restaurant/repository/EmployeeRepository.java
/Users/misthimaheshwari/Desktop/restaurant /src/main/java/com/restaurant/service/ReservationService.java
/Users/misthimaheshwari/Desktop/restaurant /src/main/java/com/restaurant/security/SecurityConfig.java
/Users/misthimaheshwari/Desktop/restaurant /src/main/java/com/restaurant/dto/AuthResponse.java
/Users/misthimaheshwari/Desktop/restaurant /src/main/java/com/restaurant/model/Employee.java
/Users/misthimaheshwari/Desktop/restaurant /src/main/java/com/restaurant/repository/MenuItemRepository.java
/Users/misthimaheshwari/Desktop/restaurant /src/main/java/com/restaurant/controller/ReservationHandler.java
/Users/misthimaheshwari/Desktop/restaurant /src/main/java/com/restaurant/controller/InventoryHandler.java
/Users/misthimaheshwari/Desktop/restaurant /src/main/java/com/restaurant/repository/InventoryRepository.java
/Users/misthimaheshwari/Desktop/restaurant /src/main/java/com/restaurant/controller/MenuHandler.java
/Users/misthimaheshwari/Desktop/restaurant /src/main/java/com/restaurant/service/OrderService.java
/Users/misthimaheshwari/Desktop/restaurant /src/main/java/com/restaurant/model/MenuItem.java
/Users/misthimaheshwari/Desktop/restaurant /src/main/java/com/restaurant/model/User.java
/Users/misthimaheshwari/Desktop/restaurant /src/main/java/com/restaurant/dto/LoginRequest.java
/Users/misthimaheshwari/Desktop/restaurant /src/main/java/com/restaurant/model/Order.java
/Users/misthimaheshwari/Desktop/restaurant /src/main/java/com/restaurant/model/OrderItem.java
/Users/misthimaheshwari/Desktop/restaurant /src/main/java/com/restaurant/service/AuthService.java
/Users/misthimaheshwari/Desktop/restaurant /src/main/java/com/restaurant/security/JwtUtil.java
/Users/misthimaheshwari/Desktop/restaurant /src/main/java/com/restaurant/service/InventoryService.java
/Users/misthimaheshwari/Desktop/restaurant /src/main/java/com/restaurant/dto/RegisterRequest.java
/Users/misthimaheshwari/Desktop/restaurant /src/main/java/com/restaurant/repository/ReservationRepository.java
/Users/misthimaheshwari/Desktop/restaurant /src/main/java/com/restaurant/config/Dataloader.java
/Users/misthimaheshwari/Desktop/restaurant /src/main/java/com/restaurant/RestaurantManagementApplication.java
/Users/misthimaheshwari/Desktop/restaurant /src/main/java/com/restaurant/model/Reservation.java
/Users/misthimaheshwari/Desktop/restaurant /src/main/java/Main.java
/Users/misthimaheshwari/Desktop/restaurant /src/main/java/com/restaurant/repository/UserRepository.java
/Users/misthimaheshwari/Desktop/restaurant /src/main/java/com/restaurant/dto/OrderRequest.java
/Users/misthimaheshwari/Desktop/restaurant /src/main/java/com/restaurant/controller/OrderHandler.java
/Users/misthimaheshwari/Desktop/restaurant /src/main/java/com/restaurant/model/Inventory.java
